// Jest Snapshot v1, https://goo.gl/fbAQLP

exports[`snapshot 1`] = `
<div
  className="App"
>
  <div>
    <header
      className="App-header"
    >
      <img
        alt="logo"
        className="App-logo"
        src="logo.svg"
      />
      <h1
        className="App-title"
      >
        Escalation Preparation
      </h1>
    </header>
    <div
      className="appDescription"
    >
      <p>
        This page is used to import a single csv file from Phishme, rearrange the columns to support the powershell script and allow the user to download the new file.
      </p>
    </div>
    <div
      className="fileForm"
    >
      <div
        className="react-file-reader"
      >
        <input
          accept=".csv"
          className="react-file-reader-input"
          id="0d8f72bc-f98a-415e-aba9-c2b77dfc243c"
          multiple={false}
          onChange={
            Array [
              [Function],
            ]
          }
          type="file"
        />
        <div
          className="react-file-reader-button"
          onClick={
            Array [
              [Function],
            ]
          }
        >
          <button
            className="fileUploadButton"
          >
            Upload File
          </button>
        </div>
      </div>
      <pre>
        
      </pre>
      <pre />
    </div>
  </div>
</div>
`;
