// Jest Snapshot v1, https://goo.gl/fbAQLP

exports[`snapshot 1`] = `
<div
  className="App"
>
  <div
    className="noTable"
  >
    <header
      className="App-header"
    >
      <img
        alt="logo"
        className="App-logo"
        src="logo.svg"
      />
      <h1
        className="App-title"
      >
        Escalation Preparation
      </h1>
    </header>
    <div
      id="appDescription"
    >
      <p>
        This page is used to import a single csv file from Phishme, rearrange the columns to meet mail merge in Outlook's expectations and allow the user to download the new file.
      </p>
    </div>
    <div
      className="react-file-reader"
    >
      <input
        accept=".csv"
        className="react-file-reader-input"
        id="0d8f72bc-f98a-415e-aba9-c2b77dfc243c"
        multiple={false}
        onChange={
          Array [
            [Function],
          ]
        }
        type="file"
      />
      <div
        className="react-file-reader-button"
        onClick={
          Array [
            [Function],
          ]
        }
      >
        <button
          className="fileUploadButton"
        >
          Upload File
        </button>
      </div>
    </div>
  </div>
</div>
`;
